{
    "id": "0x1",
    "color": "RED",
    "::unnamed_field_2::union": {
        "intValue": "0x2a",
        "floatValue": "5.88545355e-44"
    },
    "center::struct": {
        "x": "0x1e",
        "y": "0x28"
    },
    "data::union": {
        "intValue": "0x6c6c6548",
        "floatValue": "1.14313912e+27",
        "stringValue::array": [
            "0x48",
            "0x65",
            "0x6c",
            "0x6c",
            "0x6f",
            "0x0",
            "0x0",
            "0x0",
            "0x0",
            "0x0",
            "0x0",
            "0x0",
            "0x0",
            "0x0",
            "0x0",
            "0x0",
            "0x0",
            "0x0",
            "0x0"
        ]
    }
}